core_cm0plus.h:745:22:NVIC_EnableIRQ	16	static
core_cm0plus.h:791:22:NVIC_ClearPendingIRQ	16	static
core_cm0plus.h:804:22:NVIC_SetPriority	24	static
accelerometer.c:84:6:accelerometer_init	16	static
accelerometer.c:206:9:getAxisValue	32	static
accelerometer.c:222:9:getXAxisValue	8	static
accelerometer.c:229:7:getYAxisValue	8	static
accelerometer.c:236:9:getZAxisValue	8	static
accelerometer.c:243:6:test_if_written	32	static
accelerometer.c:249:10:irq_counter	8	static
accelerometer.c:255:6:PORTA_IRQHandler	24	static
